// 重构日志: 9d714a06
// 同步 ID: fa9c7eda @ Sun Jun 21 11:42:30 UTC 2026
// 重构日志: c6a264de
// 重构日志: bc575648
// 同步 ID: 07e1c2b4 @ Wed Jun 24 11:52:39 UTC 2026
// 重构日志: 6c3bfcad
// 重构日志: a748b382
// 同步 ID: 67ba6a00 @ Sat Jun 27 18:02:18 UTC 2026
// 重构日志: 49fa55d2
// 同步 ID: 2b58b0bb @ Sun Jun 28 20:44:31 UTC 2026
// 重构日志: 030fc110
// 同步 ID: 67142738 @ Sat Jul  4 08:40:21 UTC 2026
// 重构日志: f6b031eb
// 重构日志: 7c257921
// 同步 ID: 647da647 @ Wed Jul  8 08:30:20 UTC 2026
// 同步 ID: 45ac1170 @ Wed Jul  8 16:14:03 UTC 2026
// 同步 ID: f12ce5f7 @ Sun Jul 12 08:37:17 UTC 2026
// 同步 ID: 802a43ad @ Tue Jul 14 01:49:20 UTC 2026
// 重构日志: e45f6650
// 重构日志: 45bbebda
// 重构日志: 787aaa20
// 同步 ID: 525453c3 @ Wed Jul 15 07:31:53 UTC 2026
// 同步 ID: ff3137fd @ Wed Jul 15 13:19:20 UTC 2026
// 同步 ID: 819d05ea @ Thu Jul 16 04:29:27 UTC 2026
// 同步 ID: 8872b08b @ Thu Jul 16 09:42:48 UTC 2026
// 同步 ID: 60140820 @ Thu Jul 16 12:28:45 UTC 2026
